Microchip MPLAB XC8 Compiler V2.50

Linker command line:

-W-3 \
  --edf=C:\Program Files\Microchip\xc8\v2.50\pic\dat\20240725155939_en.msgs \
  -cn -h+dist/default/production\PROJECT-BLACK_BOX.X.production.sym \
  --cmf=dist/default/production\PROJECT-BLACK_BOX.X.production.cmf -z \
  -Q18F4580 -oC:\Users\ammus\AppData\Local\Temp\xcAsejo.\driver_tmp_3.o \
  --defsym=__MPLAB_BUILD=1 --fixupoverflow=error \
  -Mdist/default/production/PROJECT-BLACK_BOX.X.production.map \
  --md=C:\Users\ammus\AppData\Local\Temp\xcAsejo.\driver_tmp_0.dat -E1 \
  -ver=XC8 Compiler --acfsm=1493 -ACODE=00h-03000h -ACONST=00h-03000h \
  -ASMALLCONST=0600h-06FFhx42,03000h-03000h -AMEDIUMCONST=0600h-03000h \
  -ACOMRAM=01h-05Fh -AABS1=00h-05FFh -ABIGRAM=01h-05FFh \
  -ARAM=060h-0FFh,0100h-01FFhx5 -ABANK0=060h-0FFh -ABANK1=0100h-01FFh \
  -ABANK2=0200h-02FFh -ABANK3=0300h-03FFh -ABANK4=0400h-04FFh \
  -ABANK5=0500h-05FFh -ASFR=0D00h-0DFFhx2,0F00h-0F5Fh,0F60h-0FFFh \
  -ABIGSFR=0D00h-0FFFh -ACONFIG=0300000h-030000Dh -AIDLOC=0200000h-0200007h \
  -AEEDATA=0F00000h-0F000FFh -peeprom_data=EEDATA \
  -preset_vec=00h,intcode=8h,intcodelo,powerup,init -pramtop=0600h \
  -psmallconst=SMALLCONST -pmediumconst=MEDIUMCONST -pconst=CONST \
  -AFARRAM=00h-00h \
  -prdata=COMRAM,nvrram=COMRAM,nvbit=COMRAM,rbss=COMRAM,rbit=COMRAM \
  -pfarbss=FARRAM,fardata=FARRAM,nvFARRAM=FARRAM \
  -pintsave_regs=BIGRAM,bigbss=BIGRAM,bigdata=BIGRAM -pbss=RAM \
  -pidata=CODE,irdata=CODE,ibigdata=CODE,ifardata=CODE -prparam=COMRAM \
  C:\Users\ammus\AppData\Local\Temp\xcAsejo.\driver_tmp_9.o \
  dist/default/production\PROJECT-BLACK_BOX.X.production.o 

Object code version is 3.11

Machine type is 18F4580



                Name                               Link     Load   Length Selector   Space Scale
C:\Users\ammus\AppData\Local\Temp\xcAsejo.\driver_tmp_9.o
                idloc                            200000   200000        8        0       5
                config                           300000   300000        E        0       4
                init                                  E        E        4        4       0
                reset_vec                             0        0        4        0       0
dist/default/production\PROJECT-BLACK_BOX.X.production.o
                intcode                               8        8        6        4       0
                idloc                            200000   200000        8        0       5
                config                           300000   300000        E        0       4
                temp                                 5E       5E        1        1       1
                mediumconst                        2ED4     2ED4      12C     176A       0
                intcode_body                       29D8     29D8       4E     13DE       0
                text44                             1326     1326      390        4       0
                text43                             23D4     23D4      106        4       0
                text42                             1D28     1D28      1B4        4       0
                text41                             2B8C     2B8C       3A     13DE       0
                text40                             28A4     28A4       6C     13DE       0
                text39                             2C94     2C94       18     13DE       0
                text38                             22CC     22CC      108        4       0
                text37                             2830     2830       74     13DE       0
                text36                             27BC     27BC       74     13DE       0
                text35                             2974     2974       64     13DE       0
                text34                             2D30     2D30        6     13DE       0
                text33                             2CD8     2CD8       12     13DE       0
                text32                             2D28     2D28        8     13DE       0
                text31                             2D04     2D04        C     13DE       0
                text30                             2D20     2D20        8     13DE       0
                text29                             2D18     2D18        8     13DE       0
                text28                             2D10     2D10        8     13DE       0
                text27                             2CF8     2CF8        C     13DE       0
                text26                             2A72     2A72       4C     13DE       0
                text25                             2B4C     2B4C       40     13DE       0
                text24                             1EDC     1EDC      164        4       0
                text23                             2040     2040      158        4       0
                text22                              A36      A36      504        4       0
                text21                             2626     2626       92        4       0
                text20                             2580     2580       A6        4       0
                text19                             2C7C     2C7C       18     13DE       0
                text18                             2BC6     2BC6       36     13DE       0
                text17                             2198     2198      134        4       0
                text16                             2A26     2A26       4C     13DE       0
                text15                             26B8     26B8       84        4       0
                text14                             2C60     2C60       1C     13DE       0
                text13                             24DA     24DA       A6        4       0
                text12                             2C42     2C42       1E     13DE       0
                text11                             2ABE     2ABE       48     13DE       0
                text10                             2CC2     2CC2       16     13DE       0
                text9                              2CEA     2CEA        E     13DE       0
                text8                              2CAC     2CAC       16     13DE       0
                text7                              2C22     2C22       20     13DE       0
                text6                              2BFC     2BFC       26     13DE       0
                text5                              16B6     16B6      29C        4       0
                text4                               F3A      F3A      3EC        4       0
                text3                              2B06     2B06       46     13DE       0
                text2                                12       12      A24        4       0
                text1                              1952     1952      1EC        4       0
                text0                              1B3E     1B3E      1EA        4       0
                cstackCOMRAM                          1        1       4D        1       1
                cstackBANK0                          60       60       64       60       1
                dataBANK1                           100      100       7F      100       1
                bssBANK0                             C4       C4       16       60       1
                dataCOMRAM                           5B       5B        3        1       1
                bssCOMRAM                            4E       4E        D        1       1
                cinit                              2910     2910       64     13DE       0
                idataBANK1                         273C     273C       7F        4       0
                idataCOMRAM                        2D36     2D36        3     13DE       0

TOTAL           Name                               Link     Load   Length     Space
        CLASS   CODE           
                intcode                               8        8        6         0
                init                                  E        E        4         0
                reset_vec                             0        0        4         0
                intcode_body                       29D8     29D8       4E         0
                text44                             1326     1326      390         0
                text43                             23D4     23D4      106         0
                text42                             1D28     1D28      1B4         0
                text41                             2B8C     2B8C       3A         0
                text40                             28A4     28A4       6C         0
                text39                             2C94     2C94       18         0
                text38                             22CC     22CC      108         0
                text37                             2830     2830       74         0
                text36                             27BC     27BC       74         0
                text35                             2974     2974       64         0
                text34                             2D30     2D30        6         0
                text33                             2CD8     2CD8       12         0
                text32                             2D28     2D28        8         0
                text31                             2D04     2D04        C         0
                text30                             2D20     2D20        8         0
                text29                             2D18     2D18        8         0
                text28                             2D10     2D10        8         0
                text27                             2CF8     2CF8        C         0
                text26                             2A72     2A72       4C         0
                text25                             2B4C     2B4C       40         0
                text24                             1EDC     1EDC      164         0
                text23                             2040     2040      158         0
                text22                              A36      A36      504         0
                text21                             2626     2626       92         0
                text20                             2580     2580       A6         0
                text19                             2C7C     2C7C       18         0
                text18                             2BC6     2BC6       36         0
                text17                             2198     2198      134         0
                text16                             2A26     2A26       4C         0
                text15                             26B8     26B8       84         0
                text14                             2C60     2C60       1C         0
                text13                             24DA     24DA       A6         0
                text12                             2C42     2C42       1E         0
                text11                             2ABE     2ABE       48         0
                text10                             2CC2     2CC2       16         0
                text9                              2CEA     2CEA        E         0
                text8                              2CAC     2CAC       16         0
                text7                              2C22     2C22       20         0
                text6                              2BFC     2BFC       26         0
                text5                              16B6     16B6      29C         0
                text4                               F3A      F3A      3EC         0
                text3                              2B06     2B06       46         0
                text2                                12       12      A24         0
                text1                              1952     1952      1EC         0
                text0                              1B3E     1B3E      1EA         0
                cinit                              2910     2910       64         0
                idataBANK1                         273C     273C       7F         0
                idataCOMRAM                        2D36     2D36        3         0

        CLASS   CONST          

        CLASS   SMALLCONST     

        CLASS   MEDIUMCONST    
                mediumconst                        2ED4     2ED4      12C         0

        CLASS   COMRAM         
                temp                                 5E       5E        1         1
                cstackCOMRAM                          1        1       4D         1
                dataCOMRAM                           5B       5B        3         1
                bssCOMRAM                            4E       4E        D         1

        CLASS   ABS1           

        CLASS   BIGRAM         

        CLASS   RAM            

        CLASS   BANK0          
                cstackBANK0                          60       60       64         1
                bssBANK0                             C4       C4       16         1

        CLASS   BANK1          
                dataBANK1                           100      100       7F         1

        CLASS   BANK2          

        CLASS   BANK3          

        CLASS   BANK4          

        CLASS   BANK5          

        CLASS   SFR            

        CLASS   BIGSFR         

        CLASS   CONFIG         
                config                           300000   300000        E         4

        CLASS   IDLOC          
                idloc                            200000   200000        8         5

        CLASS   EEDATA         

        CLASS   FARRAM         

        CLASS   HEAP           

        CLASS   STACK          



SEGMENTS        Name                           Load    Length   Top    Selector   Space  Class

                reset_vec                      000000  000004  000004         0       0  CODE    
                cstackCOMRAM                   000001  00005E  00005F         1       1  COMRAM  
                intcode                        000008  0027B3  0027BB         4       0  CODE    
                cstackBANK0                    000060  00007A  0000DA        60       1  BANK0   
                dataBANK1                      000100  00007F  00017F       100       1  BANK1   
                text36                         0027BC  00057D  002D39      13DE       0  CODE    
                mediumconst                    002ED4  00012C  003000      176A       0  MEDIUMCO


UNUSED ADDRESS RANGES

        Name                Unused          Largest block    Delta
        BANK0            0000DA-0000FF               26
        BANK1            00017F-0001FF               81
        BANK2            000200-0002FF              100
        BANK3            000300-0003FF              100
        BANK4            000400-0004FF              100
        BANK5            000500-0005FF              100
        BIGRAM           00005F-00005F                1
                         0000DA-0000FF               26
                         00017F-0005FF              481
        BIGSFR           000D00-000FFF              300
        CODE             000004-000007                4
                         0027BB-0027BB                1
                         002D39-002ED3              19B
                         003000-003000                1
        COMRAM           00005F-00005F                1
        CONST            000004-000007                4
                         0027BB-0027BB                1
                         002D39-002ED3              19B
                         003000-003000                1
        EEDATA           F00000-F000FF              100
        MEDIUMCONST      0027BB-0027BB                1
                         002D39-002ED3              19B
                         003000-003000                1
        RAM              0000DA-0000FF               26
                         00017F-0005FF              100
        SFR              000D00-000FFF              100
        SMALLCONST       0027BB-0027BB                1
                         002D39-002ED3               C7
                         003000-003000                1

                                  Symbol Table

?___fldiv                    cstackCOMRAM 000016
?___fltol                    cstackCOMRAM 00002F
?___lwdiv                    cstackCOMRAM 000001
?___lwmod                    cstackCOMRAM 000008
?___xxtofl                   cstackCOMRAM 000008
?_read_adc                   cstackCOMRAM 000001
_ACKDT                       (abs)        007E2D
_ACKEN                       (abs)        007E2C
_ACKSTAT                     (abs)        007E2E
_ACQT0                       (abs)        007E03
_ACQT1                       (abs)        007E04
_ACQT2                       (abs)        007E05
_ADCON0                      (abs)        000FC2
_ADCON1                      (abs)        000FC1
_ADCS0                       (abs)        007E00
_ADCS1                       (abs)        007E01
_ADCS2                       (abs)        007E02
_ADFM                        (abs)        007E07
_ADON                        (abs)        007E10
_ADRESH                      (abs)        000FC4
_ADRESL                      (abs)        000FC3
_BCLIF                       (abs)        007D0B
_BRG16                       (abs)        007DC3
_BRGH                        (abs)        007D62
_CKE                         (abs)        007E3E
_CREN                        (abs)        007D5C
_GIE                         (abs)        007F97
_GO                          (abs)        007E11
_GODONE                      (abs)        007E11
_PEIE                        (abs)        007F96
_PEN                         (abs)        007E2A
_PORTB                       (abs)        000F81
_PORTBbits                   (abs)        000F81
_PORTD                       (abs)        000F83
_PSA                         (abs)        007EAB
_RBPU                        (abs)        007F8F
_RC0                         (abs)        007C10
_RC1                         (abs)        007C11
_RC2                         (abs)        007C12
_RCEN                        (abs)        007E2B
_RCIF                        (abs)        007CF5
_RCREG                       (abs)        000FAE
_RD7                         (abs)        007C1F
_RSEN                        (abs)        007E29
_RX9                         (abs)        007D5E
_SEN                         (abs)        007E28
_SENDB                       (abs)        007D63
_SMP                         (abs)        007E3F
_SPBRG                       (abs)        000FAF
_SPEN                        (abs)        007D5F
_SSPADD                      (abs)        000FC8
_SSPBUF                      (abs)        000FC9
_SSPCON1                     (abs)        000FC6
_SSPIF                       (abs)        007CF3
_SYNC                        (abs)        007D64
_T08BIT                      (abs)        007EAE
_T0CS                        (abs)        007EAD
_TMR0                        (abs)        000FD6
_TMR0IE                      (abs)        007F95
_TMR0IF                      (abs)        007F92
_TMR0ON                      (abs)        007EAF
_TRISB                       (abs)        000F93
_TRISC                       (abs)        000F94
_TRISC3                      (abs)        007CA3
_TRISC4                      (abs)        007CA4
_TRISC6                      (abs)        007CA6
_TRISC7                      (abs)        007CA7
_TRISD                       (abs)        000F95
_TRISD7                      (abs)        007CAF
_TX9                         (abs)        007D66
_TXEN                        (abs)        007D65
_TXIF                        (abs)        007CF4
_TXREG                       (abs)        000FAD
_VCFG0                       (abs)        007E0C
_VCFG1                       (abs)        007E0D
__HRAM                       (abs)        000000
__H__absolute__              __absolute__ 000000
__Habs1                      abs1         000000
__Hbank0                     bank0        000000
__Hbank1                     bank1        000000
__Hbank2                     bank2        000000
__Hbank3                     bank3        000000
__Hbank4                     bank4        000000
__Hbank5                     bank5        000000
__Hbigbss                    bigbss       000000
__Hbigdata                   bigdata      000000
__Hbigram                    bigram       000000
__Hbigsfr                    bigsfr       000000
__Hbss                       bss          000000
__HbssBANK0                  bssBANK0     000000
__HbssCOMRAM                 bssCOMRAM    000000
__Hcinit                     cinit        000000
__Hclrtext                   clrtext      000000
__Hcomram                    comram       000000
__Hconfig                    config       30000E
__Hconst                     const        000000
__HcstackBANK0               cstackBANK0  000000
__HcstackCOMRAM              cstackCOMRAM 000000
__Hdata                      data         000000
__HdataBANK1                 dataBANK1    000000
__HdataCOMRAM                dataCOMRAM   000000
__Heeprom_data               eeprom_data  000000
__Hfarbss                    farbss       000000
__Hfardata                   fardata      000000
__Hheap                      heap         000000
__Hibigdata                  ibigdata     000000
__Hidata                     idata        000000
__HidataBANK1                idataBANK1   000000
__HidataCOMRAM               idataCOMRAM  000000
__Hidloc                     idloc        200008
__Hifardata                  ifardata     000000
__Hinit                      init         000012
__Hintcode                   intcode      00000E
__Hintcode_body              intcode_body 000000
__Hintcodelo                 intcodelo    00000E
__Hintentry                  intentry     000000
__Hintret                    intret       000000
__Hintsave_regs              intsave_regs 000000
__Hirdata                    irdata       000000
__Hmediumconst               mediumconst  003000
__HnvFARRAM                  nvFARRAM     000000
__Hnvbit                     nvbit        000000
__Hnvrram                    nvrram       000000
__Hparam                     rparam       000000
__Hpowerup                   powerup      00000E
__Hram                       ram          000000
__Hramtop                    ramtop       000600
__Hrbit                      rbit         000000
__Hrbss                      rbss         000000
__Hrdata                     rdata        000000
__Hreset_vec                 reset_vec    000004
__Hrparam                    rparam       000000
__Hsfr                       sfr          000000
__Hsivt_hi                   sivt_hi      000000
__Hsivt_lo                   sivt_lo      000000
__Hsmallconst                smallconst   000000
__Hspace_0                   (abs)        003000
__Hspace_1                   (abs)        00017F
__Hspace_2                   (abs)        000000
__Hspace_4                   (abs)        60000E
__Hstack                     stack        000000
__Hstruct                    struct       000000
__Htemp                      temp         00005F
__Htext                      text         000000
__Htext0                     text0        000000
__Htext1                     text1        000000
__Htext10                    text10       000000
__Htext11                    text11       000000
__Htext12                    text12       000000
__Htext13                    text13       000000
__Htext14                    text14       000000
__Htext15                    text15       000000
__Htext16                    text16       000000
__Htext17                    text17       000000
__Htext18                    text18       000000
__Htext19                    text19       000000
__Htext2                     text2        000000
__Htext20                    text20       000000
__Htext21                    text21       000000
__Htext22                    text22       000000
__Htext23                    text23       000000
__Htext24                    text24       000000
__Htext25                    text25       000000
__Htext26                    text26       000000
__Htext27                    text27       000000
__Htext28                    text28       000000
__Htext29                    text29       000000
__Htext3                     text3        000000
__Htext30                    text30       000000
__Htext31                    text31       000000
__Htext32                    text32       000000
__Htext33                    text33       000000
__Htext34                    text34       000000
__Htext35                    text35       000000
__Htext36                    text36       000000
__Htext37                    text37       000000
__Htext38                    text38       000000
__Htext39                    text39       000000
__Htext4                     text4        000000
__Htext40                    text40       000000
__Htext41                    text41       000000
__Htext42                    text42       000000
__Htext43                    text43       000000
__Htext44                    text44       000000
__Htext5                     text5        000000
__Htext6                     text6        000000
__Htext7                     text7        000000
__Htext8                     text8        000000
__Htext9                     text9        000000
__LRAM                       (abs)        000001
__L__absolute__              __absolute__ 000000
__Labs1                      abs1         000000
__Lbank0                     bank0        000000
__Lbank1                     bank1        000000
__Lbank2                     bank2        000000
__Lbank3                     bank3        000000
__Lbank4                     bank4        000000
__Lbank5                     bank5        000000
__Lbigbss                    bigbss       000000
__Lbigdata                   bigdata      000000
__Lbigram                    bigram       000000
__Lbigsfr                    bigsfr       000000
__Lbss                       bss          000000
__LbssBANK0                  bssBANK0     000000
__LbssCOMRAM                 bssCOMRAM    000000
__Lcinit                     cinit        000000
__Lclrtext                   clrtext      000000
__Lcomram                    comram       000000
__Lconfig                    config       000000
__Lconst                     const        000000
__LcstackBANK0               cstackBANK0  000000
__LcstackCOMRAM              cstackCOMRAM 000000
__Ldata                      data         000000
__LdataBANK1                 dataBANK1    000000
__LdataCOMRAM                dataCOMRAM   000000
__Leeprom_data               eeprom_data  000000
__Lfarbss                    farbss       000000
__Lfardata                   fardata      000000
__Lheap                      heap         000000
__Libigdata                  ibigdata     000000
__Lidata                     idata        000000
__LidataBANK1                idataBANK1   000000
__LidataCOMRAM               idataCOMRAM  000000
__Lidloc                     idloc        000000
__Lifardata                  ifardata     000000
__Linit                      init         00000E
__Lintcode                   intcode      000008
__Lintcode_body              intcode_body 000000
__Lintcodelo                 intcodelo    00000E
__Lintentry                  intentry     000000
__Lintret                    intret       000000
__Lintsave_regs              intsave_regs 000000
__Lirdata                    irdata       000000
__Lmediumconst               mediumconst  002ED4
__LnvFARRAM                  nvFARRAM     000000
__Lnvbit                     nvbit        000000
__Lnvrram                    nvrram       000000
__Lparam                     rparam       000000
__Lpowerup                   powerup      00000E
__Lram                       ram          000000
__Lramtop                    ramtop       000600
__Lrbit                      rbit         000000
__Lrbss                      rbss         000000
__Lrdata                     rdata        000000
__Lreset_vec                 reset_vec    000000
__Lrparam                    rparam       000000
__Lsfr                       sfr          000000
__Lsivt_hi                   sivt_hi      000000
__Lsivt_lo                   sivt_lo      000000
__Lsmallconst                smallconst   000000
__Lspace_0                   (abs)        000000
__Lspace_1                   (abs)        000000
__Lspace_2                   (abs)        000000
__Lspace_4                   (abs)        000000
__Lstack                     stack        000000
__Lstruct                    struct       000000
__Ltemp                      temp         00005E
__Ltext                      text         000000
__Ltext0                     text0        000000
__Ltext1                     text1        000000
__Ltext10                    text10       000000
__Ltext11                    text11       000000
__Ltext12                    text12       000000
__Ltext13                    text13       000000
__Ltext14                    text14       000000
__Ltext15                    text15       000000
__Ltext16                    text16       000000
__Ltext17                    text17       000000
__Ltext18                    text18       000000
__Ltext19                    text19       000000
__Ltext2                     text2        000000
__Ltext20                    text20       000000
__Ltext21                    text21       000000
__Ltext22                    text22       000000
__Ltext23                    text23       000000
__Ltext24                    text24       000000
__Ltext25                    text25       000000
__Ltext26                    text26       000000
__Ltext27                    text27       000000
__Ltext28                    text28       000000
__Ltext29                    text29       000000
__Ltext3                     text3        000000
__Ltext30                    text30       000000
__Ltext31                    text31       000000
__Ltext32                    text32       000000
__Ltext33                    text33       000000
__Ltext34                    text34       000000
__Ltext35                    text35       000000
__Ltext36                    text36       000000
__Ltext37                    text37       000000
__Ltext38                    text38       000000
__Ltext39                    text39       000000
__Ltext4                     text4        000000
__Ltext40                    text40       000000
__Ltext41                    text41       000000
__Ltext42                    text42       000000
__Ltext43                    text43       000000
__Ltext44                    text44       000000
__Ltext5                     text5        000000
__Ltext6                     text6        000000
__Ltext7                     text7        000000
__Ltext8                     text8        000000
__Ltext9                     text9        000000
__S0                         (abs)        003000
__S1                         (abs)        00017F
__S4                         (abs)        000000
__S5                         (abs)        000000
___fldiv                     text44       001326
___fldiv@a                   cstackCOMRAM 00001A
___fldiv@aexp                cstackCOMRAM 00002E
___fldiv@b                   cstackCOMRAM 000016
___fldiv@bexp                cstackCOMRAM 00002D
___fldiv@grs                 cstackCOMRAM 000029
___fldiv@new_exp             cstackCOMRAM 000027
___fldiv@rem                 cstackCOMRAM 000022
___fldiv@sign                cstackCOMRAM 000026
___fltol                     text43       0023D4
___fltol@exp1                cstackCOMRAM 000038
___fltol@f1                  cstackCOMRAM 00002F
___fltol@sign1               cstackCOMRAM 000037
___heap_hi                   (abs)        000000
___heap_lo                   (abs)        000000
___inthi_sp                  stack        000000
___inthi_stack_hi            stack        000000
___inthi_stack_lo            stack        000000
___intlo_sp                  stack        000000
___intlo_stack_hi            stack        000000
___intlo_stack_lo            stack        000000
___lwdiv                     text36       0027BC
___lwdiv@counter             cstackCOMRAM 000007
___lwdiv@dividend            cstackCOMRAM 000001
___lwdiv@divisor             cstackCOMRAM 000003
___lwdiv@quotient            cstackCOMRAM 000005
___lwmod                     text35       002974
___lwmod@counter             cstackCOMRAM 00000C
___lwmod@dividend            cstackCOMRAM 000008
___lwmod@divisor             cstackCOMRAM 00000A
___param_bank                (abs)        000000
___rparam_used               (abs)        000001
___sp                        stack        000000
___stack_hi                  stack        000000
___stack_lo                  stack        000000
___xxtofl                    text42       001D28
___xxtofl@arg                cstackCOMRAM 000012
___xxtofl@exp                cstackCOMRAM 000011
___xxtofl@sign               cstackCOMRAM 000010
___xxtofl@val                cstackCOMRAM 000008
__accesstop                  (abs)        000060
__activetblptr               (abs)        000002
__end_of___fldiv             text44       0016B6
__end_of___fltol             text43       0024DA
__end_of___lwdiv             text36       002830
__end_of___lwmod             text35       0029D8
__end_of___xxtofl            text42       001EDC
__end_of__initialization     cinit        002966
__end_of_change_pass         text22       000F3A
__end_of_clcd_print          text40       002910
__end_of_clcd_putch          text39       002CAC
__end_of_clcd_write          text41       002BC6
__end_of_clear_log           text21       0026B8
__end_of_dashboard           text20       002626
__end_of_download_log        text17       0022CC
__end_of_get_time            text15       00273C
__end_of_i2c_idle            text33       002CEA
__end_of_i2c_no_ack          text34       002D36
__end_of_i2c_read            text31       002D10
__end_of_i2c_rep_start       text30       002D28
__end_of_i2c_rx_mode         text32       002D30
__end_of_i2c_start           text29       002D20
__end_of_i2c_stop            text28       002D18
__end_of_i2c_write           text27       002D04
__end_of_init_adc            text14       002C7C
__end_of_init_clcd           text13       002580
__end_of_init_ds1307         text11       002B06
__end_of_init_i2c            text10       002CD8
__end_of_init_matrix_keypad  text9        002CF8
__end_of_init_timer0         text8        002CC2
__end_of_init_uart           text7        002C42
__end_of_inti_config         text6        002C22
__end_of_isr                 intcode_body 002A26
__end_of_main                text0        001D28
__end_of_menu                text5        001952
__end_of_password            text4        001326
__end_of_putch               text19       002C94
__end_of_puts                text18       002BFC
__end_of_read_adc            text3        002B4C
__end_of_read_ds1307         text16       002A72
__end_of_read_ext_eeprom     text26       002ABE
__end_of_read_switches       text37       0028A4
__end_of_scan_key            text38       0023D4
__end_of_settime             text2        000A36
__end_of_store_event         text24       002040
__end_of_switch_scroll       text23       002198
__end_of_view_log            text1        001B3E
__end_of_write_ds1307        text12       002C60
__end_of_write_ext_eeprom    text25       002B8C
__initialization             cinit        002910
__mediumconst                mediumconst  002ED4
__pbssBANK0                  bssBANK0     0000C4
__pbssCOMRAM                 bssCOMRAM    00004E
__pcinit                     cinit        002910
__pcstackBANK0               cstackBANK0  000060
__pcstackCOMRAM              cstackCOMRAM 000001
__pdataBANK1                 dataBANK1    000100
__pdataCOMRAM                dataCOMRAM   00005B
__pidataBANK1                idataBANK1   00273C
__pidataCOMRAM               idataCOMRAM  002D36
__pintcode                   intcode      000008
__pintcode_body              intcode_body 0029D8
__pmediumconst               mediumconst  002ED4
__ptext0                     text0        001B3E
__ptext1                     text1        001952
__ptext10                    text10       002CC2
__ptext11                    text11       002ABE
__ptext12                    text12       002C42
__ptext13                    text13       0024DA
__ptext14                    text14       002C60
__ptext15                    text15       0026B8
__ptext16                    text16       002A26
__ptext17                    text17       002198
__ptext18                    text18       002BC6
__ptext19                    text19       002C7C
__ptext2                     text2        000012
__ptext20                    text20       002580
__ptext21                    text21       002626
__ptext22                    text22       000A36
__ptext23                    text23       002040
__ptext24                    text24       001EDC
__ptext25                    text25       002B4C
__ptext26                    text26       002A72
__ptext27                    text27       002CF8
__ptext28                    text28       002D10
__ptext29                    text29       002D18
__ptext3                     text3        002B06
__ptext30                    text30       002D20
__ptext31                    text31       002D04
__ptext32                    text32       002D28
__ptext33                    text33       002CD8
__ptext34                    text34       002D30
__ptext35                    text35       002974
__ptext36                    text36       0027BC
__ptext37                    text37       002830
__ptext38                    text38       0022CC
__ptext39                    text39       002C94
__ptext4                     text4        000F3A
__ptext40                    text40       0028A4
__ptext41                    text41       002B8C
__ptext42                    text42       001D28
__ptext43                    text43       0023D4
__ptext44                    text44       001326
__ptext5                     text5        0016B6
__ptext6                     text6        002BFC
__ptext7                     text7        002C22
__ptext8                     text8        002CAC
__ptext9                     text9        002CEA
__ramtop                     ramtop       000600
__smallconst                 smallconst   000000
_c                           dataCOMRAM   00005B
_change_pass                 text22       000A36
_clcd_print                  text40       0028A4
_clcd_putch                  text39       002C94
_clcd_write                  text41       002B8C
_clear_log                   text21       002626
_clock_reg                   bssBANK0     0000C4
_dashboard                   text20       002580
_download_log                text17       002198
_ev                          dataBANK1    000155
_ev_ind                      bssCOMRAM    000056
_get_time                    text15       0026B8
_i2c_idle                    text33       002CD8
_i2c_no_ack                  text34       002D30
_i2c_read                    text31       002D04
_i2c_rep_start               text30       002D20
_i2c_rx_mode                 text32       002D28
_i2c_start                   text29       002D18
_i2c_stop                    text28       002D10
_i2c_write                   text27       002CF8
_init_adc                    text14       002C60
_init_clcd                   text13       0024DA
_init_ds1307                 text11       002ABE
_init_i2c                    text10       002CC2
_init_matrix_keypad          text9        002CEA
_init_timer0                 text8        002CAC
_init_uart                   text7        002C22
_inti_config                 text6        002BFC
_isr                         intcode      000008
_log_count                   bssCOMRAM    000052
_main                        text0        001B3E
_main_f                      bssCOMRAM    000054
_menu                        text5        0016B6
_menu_f                      bssBANK0     0000CF
_password                    text4        000F3A
_password_f                  bssBANK0     0000CD
_prev_ind                    bssCOMRAM    000050
_putch                       text19       002C7C
_puts                        text18       002BC6
_read_adc                    text3        002B06
_read_ds1307                 text16       002A26
_read_ext_eeprom             text26       002A72
_read_switches               text37       002830
_scan_key                    text38       0022CC
_settime                     text2        000012
_sp                          bssCOMRAM    000058
_store_event                 text24       001EDC
_sw_flag                     bssBANK0     0000CB
_switch_scroll               text23       002040
_time                        bssBANK0     0000D1
_view_log                    text1        001952
_write_ds1307                text12       002C42
_write_ext_eeprom            text25       002B4C
btemp                        temp         00005E
change_pass@arr              cstackCOMRAM 000023
change_pass@count            cstackCOMRAM 00004B
change_pass@delay            cstackCOMRAM 00003E
change_pass@flag             cstackCOMRAM 000030
change_pass@i                cstackCOMRAM 000040
change_pass@i_389            cstackCOMRAM 000042
change_pass@i_391            cstackCOMRAM 000032
change_pass@i_393            cstackCOMRAM 000047
change_pass@i_394            cstackCOMRAM 000044
change_pass@i_396            cstackCOMRAM 000036
change_pass@i_400            cstackCOMRAM 00003A
change_pass@key              cstackCOMRAM 000046
change_pass@valid            cstackCOMRAM 000049
clcd_print@addr              cstackCOMRAM 000005
clcd_print@data              cstackCOMRAM 000003
clcd_putch@addr              cstackCOMRAM 00000D
clcd_putch@data              cstackCOMRAM 00000E
clcd_write@byte              cstackCOMRAM 000002
clcd_write@control_bit       cstackCOMRAM 000001
clear_log@i                  cstackCOMRAM 00001F
download_log@j               cstackCOMRAM 00001F
end_of_initialization        cinit        002966
i2c_write@data               cstackCOMRAM 000001
init_ds1307@dummy            cstackCOMRAM 000006
int$flags                    temp         00005E
int_func                     intcode_body 0029D8
intlevel0                    text         000000
intlevel1                    text         000000
intlevel2                    text         000000
intlevel3                    text         000000
isa$std                      (abs)        000001
isa$xinst                    (abs)        000000
isr@count                    bssBANK0     0000C9
main@key                     cstackCOMRAM 00004D
menu@F10483                  dataBANK1    000100
menu@count                   cstackBANK0  0000C2
menu@i                       cstackBANK0  0000B7
menu@ind                     cstackBANK0  0000BB
menu@key                     cstackBANK0  0000BD
menu@lp11                    cstackBANK0  0000C0
menu@lp12                    cstackBANK0  0000BE
menu@options                 cstackBANK0  000060
menu@ptr                     cstackBANK0  0000B5
password@arr                 cstackCOMRAM 000020
password@c_flag              cstackCOMRAM 000027
password@count1              cstackCOMRAM 000036
password@delay1              cstackCOMRAM 000031
password@flag1               cstackCOMRAM 000025
password@i                   cstackCOMRAM 00002F
password@i_316               cstackCOMRAM 00002B
password@key                 cstackCOMRAM 000033
password@s_flag              cstackCOMRAM 000029
password@valid1              cstackCOMRAM 000034
putch@byte                   cstackCOMRAM 000001
puts@s                       cstackCOMRAM 000002
read_adc@channel             cstackCOMRAM 000007
read_adc@reg_val             cstackCOMRAM 000005
read_ds1307@address          cstackCOMRAM 000004
read_ds1307@data             cstackCOMRAM 000005
read_ds1307@i                cstackCOMRAM 000002
read_ext_eeprom@address      cstackCOMRAM 000004
read_ext_eeprom@data         cstackCOMRAM 000005
read_ext_eeprom@i            cstackCOMRAM 000002
read_switches@detection_type cstackCOMRAM 000001
read_switches@key            bssCOMRAM    00005A
read_switches@once           dataCOMRAM   00005D
settime@arr                  cstackCOMRAM 000023
settime@delay                cstackCOMRAM 00003C
settime@field_flag           cstackCOMRAM 000039
settime@hh                   cstackCOMRAM 000040
settime@i                    cstackCOMRAM 000037
settime@key                  cstackCOMRAM 00003B
settime@lp11                 cstackCOMRAM 00003E
settime@lp12                 cstackCOMRAM 000035
settime@mm                   cstackCOMRAM 000042
settime@ss                   cstackCOMRAM 000044
stackhi                      (abs)        000000
stacklo                      (abs)        000000
start                        init         00000E
start_initialization         cinit        002910
store_event@arr              cstackCOMRAM 00000F
store_event@i                cstackCOMRAM 000019
store_event@i_497            cstackCOMRAM 00001D
store_event@j                cstackCOMRAM 00001B
switch_scroll@key            cstackCOMRAM 00001F
ttemp5                       temp         00005F
ttemp6                       temp         000062
ttemp7                       temp         000066
view_log@key                 cstackCOMRAM 000011
view_log@log                 bssCOMRAM    00004E
view_log@lp12                bssBANK0     0000C7
write_ds1307@address         cstackCOMRAM 000003
write_ds1307@data            cstackCOMRAM 000002
write_ext_eeprom@address     cstackCOMRAM 000009
write_ext_eeprom@data        cstackCOMRAM 000006
write_ext_eeprom@i           cstackCOMRAM 000007
wtemp8                       temp         00005F


MODULE INFORMATION

Module		Function		Class		Link	Load	Size
password.c
		_password      		CODE           	0F3A	0000	1004

password.c estimated size: 1004

download_log.c
		_download_log  		CODE           	2198	0000	308

download_log.c estimated size: 308

matrix_keypad.c
		_init_matrix_keypad		CODE           	2CEA	0000	14
		_read_switches 		CODE           	2830	0000	116
		_scan_key      		CODE           	22CC	0000	264

matrix_keypad.c estimated size: 394

uart.c
		_putch         		CODE           	2C7C	0000	24
		_init_uart     		CODE           	2C22	0000	32
		_puts          		CODE           	2BC6	0000	54

uart.c estimated size: 110

store_event.c
		_store_event   		CODE           	1EDC	0000	356

store_event.c estimated size: 356

C:\Program Files\Microchip\xc8\v2.50\pic\sources\c99\common\sprcdiv.c
		___fldiv       		CODE           	1326	0000	912

C:\Program Files\Microchip\xc8\v2.50\pic\sources\c99\common\sprcdiv.c estimated size: 912

i2c.c
		_i2c_start     		CODE           	2D18	0000	8
		_i2c_no_ack    		CODE           	2D30	0000	6
		_i2c_rep_start 		CODE           	2D20	0000	8
		_i2c_idle      		CODE           	2CD8	0000	18
		_i2c_write     		CODE           	2CF8	0000	12
		_i2c_stop      		CODE           	2D10	0000	8
		_i2c_read      		CODE           	2D04	0000	12
		_init_i2c      		CODE           	2CC2	0000	22
		_i2c_rx_mode   		CODE           	2D28	0000	8

i2c.c estimated size: 102

C:\Program Files\Microchip\xc8\v2.50\pic\sources\c99\common\lwmod.c
		___lwmod       		CODE           	2974	0000	100

C:\Program Files\Microchip\xc8\v2.50\pic\sources\c99\common\lwmod.c estimated size: 100

dashboard.c
		_dashboard     		CODE           	2580	0000	166

dashboard.c estimated size: 166

timer0.c
		_init_timer0   		CODE           	2CAC	0000	22

timer0.c estimated size: 22

ds1307.c
		_read_ds1307   		CODE           	2A26	0000	76
		_write_ds1307  		CODE           	2C42	0000	30
		_init_ds1307   		CODE           	2ABE	0000	72

ds1307.c estimated size: 178

eeprom.c
		_write_ext_eeprom		CODE           	2B4C	0000	64
		_read_ext_eeprom		CODE           	2A72	0000	76

eeprom.c estimated size: 140

adc.c
		_init_adc      		CODE           	2C60	0000	28
		_read_adc      		CODE           	2B06	0000	70

adc.c estimated size: 98

C:\Program Files\Microchip\xc8\v2.50\pic\sources\c99\common\xxtofl.c
		___xxtofl      		CODE           	1D28	0000	436

C:\Program Files\Microchip\xc8\v2.50\pic\sources\c99\common\xxtofl.c estimated size: 436

clear_log.c
		_clear_log     		CODE           	2626	0000	146

clear_log.c estimated size: 146

isr.c
		_isr           		CODE           	0008	0000	84

isr.c estimated size: 84

change_password.c
		_change_pass   		CODE           	0A36	0000	1284

change_password.c estimated size: 1284

shared
		__initialization		CODE           	2910	0000	86

shared estimated size: 86

clcd.c
		_clcd_write    		CODE           	2B8C	0000	58
		_clcd_print    		CODE           	28A4	0000	108
		_clcd_putch    		CODE           	2C94	0000	24
		_init_clcd     		CODE           	24DA	0000	166

clcd.c estimated size: 356

C:\Program Files\Microchip\xc8\v2.50\pic\sources\c99\common\lwdiv.c
		___lwdiv       		CODE           	27BC	0000	116

C:\Program Files\Microchip\xc8\v2.50\pic\sources\c99\common\lwdiv.c estimated size: 116

C:\Program Files\Microchip\xc8\v2.50\pic\sources\c99\common\fltol.c
		___fltol       		CODE           	23D4	0000	262

C:\Program Files\Microchip\xc8\v2.50\pic\sources\c99\common\fltol.c estimated size: 262

menu.c
		_menu          		CODE           	16B6	0000	668

menu.c estimated size: 668

set_time.c
		_settime       		CODE           	0012	0000	2596

set_time.c estimated size: 2596

main.c
		_main          		CODE           	1B3E	0000	490
		_inti_config   		CODE           	2BFC	0000	38
		_get_time      		CODE           	26B8	0000	132
		_switch_scroll 		CODE           	2040	0000	344

main.c estimated size: 1004

view_log.c
		_view_log      		CODE           	1952	0000	492

view_log.c estimated size: 492

